main.c:79:6:setDIR1_M1	8	static
main.c:82:6:resetDIR1_M1	8	static
main.c:85:6:setDIR2_M1	8	static
main.c:88:6:resetDIR2_M1	8	static
main.c:92:6:setM1_Forward	8	static
main.c:97:6:setM1_Backward	8	static
main.c:106:6:setDIR1_M2	8	static
main.c:109:6:resetDIR1_M2	8	static
main.c:112:6:setDIR2_M2	8	static
main.c:115:6:resetDIR2_M2	8	static
main.c:119:6:setM2_Forward	8	static
main.c:124:6:setM2_Backward	8	static
main.c:133:6:setPWM_Motor1	16	static
main.c:137:6:setPWM_Motor2	16	static
main.c:143:6:setSTBY	8	static
main.c:160:5:main	120	static
main.c:359:6:SystemClock_Config	96	static
main.c:407:6:Error_Handler	4	static
